// Jest Snapshot v1, https://goo.gl/fbAQLP

exports[`Pruebas en HomeScreen debe de mostrarse correctamente  1`] = `
Array [
  <div>
    <h1>
      HomeScreen
    </h1>
    <hr />
    <pre>
      {
   "name": "Greivin",
   "email": "gcruzr@gmail.com"
}
    </pre>
  </div>,
  ");",
]
`;
